============================= test session starts =============================
platform win32 -- Python 3.11.9, pytest-9.1.0, pluggy-1.6.0 -- C:\Users\rahul\Desktop\My agent\.venv\Scripts\python.exe
cachedir: .pytest_cache
rootdir: C:\Users\rahul\Desktop\My agent
configfile: pyproject.toml
plugins: anyio-4.13.0, langsmith-0.8.15, asyncio-1.4.0
asyncio: mode=Mode.AUTO, debug=False, asyncio_default_fixture_loop_scope=None, asyncio_default_test_loop_scope=function
collecting ... collected 267 items

tests/agent/test_artifact_paths.py::test_resolve_salesforce_path_for_apex_and_trigger PASSED [  0%]
tests/agent/test_artifact_paths.py::test_iter_artifact_files_supports_filename_map_and_structured_payload PASSED [  0%]
tests/agent/test_artifact_paths.py::test_ensure_meta_files_adds_missing_meta_xml PASSED [  1%]
tests/agent/test_orchestrator.py::test_orchestrator_executes_tasks_in_dependency_order PASSED [  1%]
tests/agent/test_orchestrator.py::test_orchestrator_recovers_and_retries_failed_agent PASSED [  1%]
tests/agent/test_orchestrator.py::test_orchestrator_saves_checkpoint_and_resumes PASSED [  2%]
tests/agent/test_orchestrator.py::test_orchestrator_logs_actions_through_event_bus PASSED [  2%]
tests/agent/test_planner.py::test_planner_returns_strong_salesforce_plan PASSED [  2%]
tests/agent/test_planner.py::test_planner_detects_missing_salesforce_environment PASSED [  3%]
tests/agent/test_planner.py::test_planner_rejects_executable_code PASSED [  3%]
tests/agent/test_planner.py::test_planner_rejects_invalid_dependency_graph PASSED [  4%]
tests/agent/test_planner.py::test_planner_accepts_uppercase_work_type_enum_names PASSED [  4%]
tests/agent/test_registry.py::test_register_aliases_resolve_all_names PASSED [  4%]
tests/api/test_api_endpoints.py::TestWorkflowEndpoints::test_submit_workflow PASSED [  5%]
tests/api/test_api_endpoints.py::TestWorkflowEndpoints::test_get_workflow_status PASSED [  5%]
tests/api/test_api_endpoints.py::TestWorkflowEndpoints::test_workflow_not_found PASSED [  5%]
tests/api/test_api_endpoints.py::TestWorkflowEndpoints::test_pause_workflow PASSED [  6%]
tests/api/test_api_endpoints.py::TestWorkflowEndpoints::test_resume_workflow PASSED [  6%]
tests/api/test_api_endpoints.py::TestWorkflowEndpoints::test_cancel_workflow PASSED [  7%]
tests/api/test_api_endpoints.py::TestHealthEndpoints::test_health_check PASSED [  7%]
tests/api/test_api_endpoints.py::TestHealthEndpoints::test_agents_health PASSED [  7%]
tests/api/test_api_endpoints.py::TestMetricsEndpoints::test_get_metrics PASSED [  8%]
tests/api/test_api_endpoints.py::TestRootEndpoint::test_root_endpoint PASSED [  8%]
tests/api/test_api_endpoints.py::TestErrorHandling::test_invalid_request_schema PASSED [  8%]
tests/api/test_api_endpoints.py::TestErrorHandling::test_missing_required_field PASSED [  9%]
tests/config/test_configuration_manager.py::test_configuration_manager_loads_yaml_and_environment PASSED [  9%]
tests/core/test_container.py::test_container_resolves_singleton_factory_once PASSED [ 10%]
tests/core/test_container.py::test_container_raises_for_missing_dependency PASSED [ 10%]
tests/core/test_event_bus.py::test_event_bus_publishes_to_named_and_wildcard_handlers PASSED [ 10%]
tests/core/test_event_bus.py::test_event_bus_supports_lifecycle_metadata_and_history PASSED [ 11%]
tests/core/test_retry.py::test_retry_retries_until_success PASSED        [ 11%]
tests/core/test_state_and_files.py::test_state_manager_persists_values PASSED [ 11%]
tests/core/test_state_and_files.py::test_file_manager_blocks_path_escape PASSED [ 12%]
tests/db/test_database_manager.py::test_database_manager_health_check PASSED [ 12%]
tests/deployment/test_deployment.py::TestConnectionManagement::test_jwt_authentication PASSED [ 13%]
tests/deployment/test_deployment.py::TestConnectionManagement::test_oauth2_authentication PASSED [ 13%]
tests/deployment/test_deployment.py::TestConnectionManagement::test_sfdx_authentication PASSED [ 13%]
tests/deployment/test_deployment.py::TestConnectionManagement::test_connection_validation PASSED [ 14%]
tests/deployment/test_deployment.py::TestConnectionManagement::test_get_auth_headers PASSED [ 14%]
tests/deployment/test_deployment.py::TestConnectionManagement::test_close_connection PASSED [ 14%]
tests/deployment/test_deployment.py::TestDeploymentExecution::test_execute_full_deployment PASSED [ 15%]
tests/deployment/test_deployment.py::TestDeploymentExecution::test_validate_only_deployment PASSED [ 15%]
tests/deployment/test_deployment.py::TestDeploymentExecution::test_deployment_with_tests PASSED [ 16%]
tests/deployment/test_deployment.py::TestRollback::test_plan_rollback PASSED [ 16%]
tests/deployment/test_deployment.py::TestRollback::test_execute_rollback PASSED [ 16%]
tests/deployment/test_deployment.py::TestDeploymentMonitoring::test_monitor_deployment PASSED [ 17%]
tests/deployment/test_deployment.py::TestDeploymentMonitoring::test_collect_test_results PASSED [ 17%]
tests/deployment/test_deployment.py::TestDeploymentMonitoring::test_collect_code_coverage PASSED [ 17%]
tests/deployment/test_deployment.py::TestDeploymentAgent::test_deploy_to_sandbox PASSED [ 18%]
tests/deployment/test_deployment.py::TestDeploymentAgent::test_deploy_missing_artifacts PASSED [ 18%]
tests/deployment/test_deployment.py::TestDeploymentAgent::test_production_deployment_requires_production_connection PASSED [ 19%]
tests/deployment/test_deployment.py::TestDeploymentAgent::test_validate_only_deployment PASSED [ 19%]
tests/deployment/test_deployment.py::TestDeploymentAgent::test_quick_deploy PASSED [ 19%]
tests/deployment/test_deployment.py::TestIntegration::test_end_to_end_deployment PASSED [ 20%]
tests/deployment/test_deployment.py::TestIntegration::test_deployment_with_rollback_on_failure PASSED [ 20%]
tests/deployment/test_deployment.py::TestIntegration::test_multiple_deployments PASSED [ 20%]
tests/deployment/test_deployment.py::TestDeploymentReport::test_report_generation PASSED [ 21%]
tests/deployment/test_deployment.py::TestDeploymentReport::test_report_with_test_summary PASSED [ 21%]
tests/integration/test_agent_system.py::test_salesforce_cli_authentication FAILED [ 22%]
tests/integration/test_agent_system.py::test_orchestrator_planning_flow FAILED [ 22%]
tests/integration/test_agent_system.py::test_metadata_hallucination_prevention PASSED [ 22%]
tests/integration/test_analyzer.py::test_categorize_salesforce_errors PASSED [ 23%]
tests/integration/test_end_to_end_workflows.py::test_complete_apex_workflow PASSED [ 23%]
tests/integration/test_end_to_end_workflows.py::test_workflow_with_recovery PASSED [ 23%]
tests/integration/test_end_to_end_workflows.py::test_parallel_workflow_execution PASSED [ 24%]
tests/integration/test_end_to_end_workflows.py::test_workflow_checkpoint_and_resume PASSED [ 24%]
tests/integration/test_end_to_end_workflows.py::test_memory_persistence_across_workflow PASSED [ 25%]
tests/integration/test_end_to_end_workflows.py::test_event_propagation_through_workflow FAILED [ 25%]
tests/integration/test_end_to_end_workflows.py::test_workflow_with_rollback FAILED [ 25%]
tests/integration/test_platform_integration.py::test_orchestrator_delegates_to_workflow_engine PASSED [ 26%]
tests/integration/test_platform_integration.py::test_eventbus_lifecycle_tracking PASSED [ 26%]
tests/integration/test_platform_integration.py::test_memory_persistence_across_workflow PASSED [ 26%]
tests/integration/test_platform_integration.py::test_recovery_agent_sequence_logic PASSED [ 27%]
tests/integration/test_platform_integration.py::test_engine_performance_benchmark PASSED [ 27%]
tests/integration/test_platform_integration.py::test_memory_stress_and_persistence PASSED [ 28%]
tests/integration/test_platform_integration.py::test_complete_platform_orchestration_loop PASSED [ 28%]
tests/integration/test_platform_integration.py::test_parallel_task_execution PASSED [ 28%]
tests/integration/test_platform_integration.py::test_task_dependency_ordering PASSED [ 29%]
tests/integration/test_platform_integration.py::test_end_to_end_workflow_to_learning PASSED [ 29%]
tests/integration/test_platform_integration.py::test_workflow_pause_resume PASSED [ 29%]
tests/integration/test_platform_integration.py::test_workflow_cancellation PASSED [ 30%]
tests/integration/test_platform_integration.py::test_conditional_branching_in_workflow PASSED [ 30%]
tests/integration/test_platform_integration.py::test_checkpoint_restoration PASSED [ 31%]
tests/integration/test_platform_integration.py::test_error_handling_and_recovery PASSED [ 31%]
tests/integration/test_sf_auth.py::test_salesforce_login PASSED          [ 31%]
tests/memory/test_agent_integration.py::TestPlannerMemoryIntegration::test_planner_finds_similar_past_tasks PASSED [ 32%]
tests/memory/test_agent_integration.py::TestPlannerMemoryIntegration::test_planner_learns_from_past_errors PASSED [ 32%]
tests/memory/test_agent_integration.py::TestOrchestratorMemoryIntegration::test_orchestrator_records_workflow_execution PASSED [ 32%]
tests/memory/test_agent_integration.py::TestOrchestratorMemoryIntegration::test_orchestrator_stores_execution_history PASSED [ 33%]
tests/memory/test_agent_integration.py::TestRecoveryMemoryIntegration::test_recovery_finds_similar_past_errors PASSED [ 33%]
tests/memory/test_agent_integration.py::TestAgentMemoryAnalytics::test_get_agent_statistics PASSED [ 34%]
tests/memory/test_agent_integration.py::TestMemoryWorkflowIntegration::test_complete_workflow_with_memory PASSED [ 34%]
tests/memory/test_memory_system.py::TestMemoryCRUD::test_create_record PASSED [ 34%]
tests/memory/test_memory_system.py::TestMemoryCRUD::test_create_duplicate_fails PASSED [ 35%]
tests/memory/test_memory_system.py::TestMemoryCRUD::test_read_nonexistent PASSED [ 35%]
tests/memory/test_memory_system.py::TestMemoryCRUD::test_read_many PASSED [ 35%]
tests/memory/test_memory_system.py::TestMemoryCRUD::test_update_record PASSED [ 36%]
tests/memory/test_memory_system.py::TestMemoryCRUD::test_update_nonexistent_fails PASSED [ 36%]
tests/memory/test_memory_system.py::TestMemoryCRUD::test_delete_record PASSED [ 37%]
tests/memory/test_memory_system.py::TestMemoryCRUD::test_exists PASSED   [ 37%]
tests/memory/test_memory_system.py::TestMemorySearch::test_search_by_keywords PASSED [ 37%]
tests/memory/test_memory_system.py::TestMemorySearch::test_search_by_category PASSED [ 38%]
tests/memory/test_memory_system.py::TestMemorySearch::test_search_by_creator PASSED [ 38%]
tests/memory/test_memory_system.py::TestMemoryTags::test_add_tags PASSED [ 38%]
tests/memory/test_memory_system.py::TestMemoryTags::test_find_by_tags PASSED [ 39%]
tests/memory/test_memory_system.py::TestMemoryTags::test_list_all_tags PASSED [ 39%]
tests/memory/test_memory_system.py::TestMemoryVersioning::test_get_history PASSED [ 40%]
tests/memory/test_memory_system.py::TestMemoryVersioning::test_restore_version PASSED [ 40%]
tests/memory/test_memory_system.py::TestMemoryRelationships::test_create_relationship PASSED [ 40%]
tests/memory/test_memory_system.py::TestMemoryRelationships::test_get_relationships PASSED [ 41%]
tests/memory/test_memory_system.py::TestMemoryRelationships::test_find_related_records PASSED [ 41%]
tests/memory/test_memory_system.py::TestMemoryAnalytics::test_count_by_category PASSED [ 41%]
tests/memory/test_memory_system.py::TestMemoryAnalytics::test_get_total_records PASSED [ 42%]
tests/memory/test_memory_system.py::TestMemoryAnalytics::test_get_storage_stats PASSED [ 42%]
tests/memory/test_memory_system.py::TestMemoryManager::test_store_project_memory PASSED [ 43%]
tests/memory/test_memory_system.py::TestMemoryManager::test_store_workflow_history PASSED [ 43%]
tests/memory/test_memory_system.py::TestMemoryManager::test_find_similar_tasks PASSED [ 43%]
tests/memory/test_memory_system.py::TestMemoryManager::test_find_past_errors PASSED [ 44%]
tests/memory/test_memory_system.py::TestMemoryManager::test_find_fixes_for_error PASSED [ 44%]
tests/memory/test_memory_system.py::TestMemoryManager::test_relate_records PASSED [ 44%]
tests/memory/test_memory_system.py::TestMemoryManager::test_get_related_records PASSED [ 45%]
tests/memory/test_memory_system.py::TestMemoryManager::test_tag_record PASSED [ 45%]
tests/memory/test_memory_system.py::TestMemoryManager::test_get_agent_stats PASSED [ 46%]
tests/memory/test_memory_system.py::TestMemoryManager::test_get_system_stats PASSED [ 46%]
tests/memory/test_memory_system.py::TestMemoryConcurrency::test_concurrent_writes PASSED [ 46%]
tests/memory/test_memory_system.py::TestMemoryConcurrency::test_concurrent_reads PASSED [ 47%]
tests/memory/test_memory_system.py::TestMemoryErrorHandling::test_invalid_category PASSED [ 47%]
tests/memory/test_memory_system.py::TestMemoryErrorHandling::test_health_check PASSED [ 47%]
tests/memory/test_memory_system.py::TestMemoryErrorHandling::test_cleanup_expired PASSED [ 48%]
tests/models/test_domain_models.py::test_execution_plan_validates_dependency_graph PASSED [ 48%]
tests/models/test_domain_models.py::test_execution_plan_rejects_cycles PASSED [ 49%]
tests/models/test_domain_models.py::test_immutable_records_are_json_serializable_and_frozen PASSED [ 49%]
tests/models/test_domain_models.py::test_shared_reports_records_and_tool_envelopes PASSED [ 49%]
tests/performance/test_load_testing.py::test_single_workflow_performance FAILED [ 50%]
tests/performance/test_load_testing.py::test_concurrent_workflows FAILED [ 50%]
tests/performance/test_load_testing.py::test_high_volume_task_execution FAILED [ 50%]
tests/performance/test_load_testing.py::test_memory_usage_under_load PASSED [ 51%]
tests/performance/test_load_testing.py::test_response_time_distribution PASSED [ 51%]
tests/performance/test_load_testing.py::test_parallel_task_scaling FAILED [ 52%]
tests/performance/test_load_testing.py::test_checkpoint_performance FAILED [ 52%]
tests/performance/test_load_testing.py::test_event_bus_performance FAILED [ 52%]
tests/performance/test_load_testing.py::test_memory_search_performance PASSED [ 53%]
tests/performance/test_load_testing.py::test_tool_executor_performance PASSED [ 53%]
